// Jest Snapshot v1, https://goo.gl/fbAQLP

exports[`renders Dashboard unchanged 1`] = `
<div>
  <div
    class="mx-auto my-[10%] w-full max-w-3xl p-2 md:p-8 relative MuiBox-root css-0"
  >
    <header>
      <h1
        class="MuiTypography-root MuiTypography-h1 text-violetRed-600 md:text-3xl lg:text-4xl css-o2w69a-MuiTypography-root"
      >
        SPACES_title
      </h1>
    </header>
    <p
      class="MuiTypography-root MuiTypography-body2 css-e784if-MuiTypography-root"
    >
      SPACES_no_entries
    </p>
    <button
      aria-label="add"
      class="MuiButtonBase-root MuiFab-root MuiFab-extended MuiFab-sizeLarge MuiFab-primary MuiFab-root MuiFab-extended MuiFab-sizeLarge MuiFab-primary mt-8 css-nubenn-MuiButtonBase-root-MuiFab-root"
      tabindex="0"
      type="button"
    >
      <svg
        aria-hidden="true"
        class="MuiSvgIcon-root MuiSvgIcon-fontSizeMedium mr-2 css-i4bv87-MuiSvgIcon-root"
        data-testid="AddIcon"
        focusable="false"
        viewBox="0 0 24 24"
      >
        <path
          d="M19 13h-6v6h-2v-6H5v-2h6V5h2v6h6v2z"
        />
      </svg>
       
      SPACES_add_space
      <span
        class="MuiTouchRipple-root css-8je8zh-MuiTouchRipple-root"
      />
    </button>
  </div>
</div>
`;
